// Jest Snapshot v1, https://goo.gl/fbAQLP

exports[`Quest should match snapshot 1`] = `undefined`;
