// Jest Snapshot v1, https://goo.gl/fbAQLP

exports[`QuestContainer should match snapshot 1`] = `undefined`;
